
 Start  Stop   Length Name                   Class            Group
 00000H 02E25H 02E26H CODE                   CODE

 Origin   Group

  Address         Publics by Value

 0000:0108       EXIT_STATUS
 0000:013E       DEBUGXX
 0000:016E       MAIN_FUNCTION_INTER
 0000:0181       MAIN_F_INTER_C_CODE
 0000:0194       MAIN_F_INTER_C_CODE01
 0000:01A7       MAIN_F_REG_SAVE
 0000:01C7       MAIN_F_REG_LOAD
 0000:020C       SCDATA
 0000:020C       SCDATA2
 0000:060E       SEC_ID_TBL1
 0000:06A0       MAINLP
 0000:075A       FRAME_LDSV
 0000:0761       DS_GET_TO_MAIN
 0000:0768       VRAMASSIGN
 0000:076F       GET_VRAM_SEGMENT
 0000:0776       XRANDAM
 0000:077E       FAT_TABLE_SEG
 0000:0780       FAT_TABLE_OFS
 0000:0790       WIDDTSLC_OPEN
 0000:07D6       WIDDTSLC_CLOSE
 0000:07DA       WIDDTSLC_PARASET
 0000:0802       WIDDTSLC_PARASHOW
 0000:084E       WIDDTSLC_HEADER
 0000:087C       WIDDTSLC_SLCT
 0000:088B       WIDDTSLC_PRINT
 0000:08A1       WIDDTSLC_SIDEM_LIN
 0000:13F0       WIDCMND_INI
 0000:1421       WIDCMND
 0000:142E       WIDCMND_HLT
 0000:1710       WIDUSERNEWDISK
 0000:1742       WIDUSERDSET
 0000:176B       WIDUSERMAKE
 0000:1790       USRDRVCHK
 0000:17D9       USRDRVINSWAIT
 0000:1878       USRDRVNEWDSK
 0000:1981       USRDRVRESET
 0000:1C61       SCADRS
 0000:1C7D       FLAG_USER_DISK
 0000:1C7F       FLAG_US_BREAK
 0000:1CD0       SCRN_MSG_TABLE
 0000:1D70       MSCSRT
 0000:1D7D       MSCMOV
 0000:1D8A       MSCMV2
 0000:1D97       MSCSTP
 0000:1DA4       MSCSTS
 0000:1DB1       MSWWAT
 0000:1DBE       KEYTEN
 0000:1DCB       FEDIN
 0000:1DD8       FEDOUT
 0000:1DE5       WHTIN
 0000:1DF2       WHTOUT
 0000:1DFF       BLACK
 0000:1E0C       WHITE
 0000:1E19       PLTOL
 0000:1E26       PLTMIX
 0000:1E33       NORMIN
 0000:1E40       PLTFIS
 0000:1E4D       PLTFOS
 0000:1E5A       PLTCIS
 0000:1E67       PLTOLS
 0000:1E74       PLTOLSE
 0000:1E81       PLTOLT
 0000:1E8E       PLTOLTE
 0000:1E9B       TMVWAT
 0000:1EA8       TMVSET
 0000:1EB5       TMVCHK
 0000:1EC2       TMVEWT
 0000:1ECF       TMVST2
 0000:1EDC       TMVCK2
 0000:1EE9       TMVST3
 0000:1EF6       TMVCK3
 0000:1F03       VTXPRN
 0000:1F10       VTXPOR
 0000:1F1D       VTXPFC
 0000:1F2A       VTXSIZ
 0000:1F37       VTXCOL
 0000:1F44       BOXPAL
 0000:1F54       BOXMSS
 0000:1F64       BOXNOT
 0000:1F74       BOXMCH
 0000:1F84       PT_PALET_SETONLY
 0000:1F91       PT_PATTERN_LD
 0000:1F9E       PT_PATTERN_LDA
 0000:1FAB       PT_PATTERN_PUT
 0000:1FB8       PT_MASK_PAT_PUT
 0000:1FC5       PT_MASK_PTF_PUT
 0000:1FD2       PT_PATTERN_BANK
 0000:1FDF       PT_VRAM_ID_ALL_ASSIGN
 0000:1FEC       PT_PATTERN_CLEAR
 0000:1FF9       PT_PATTERN_GET
 0000:2006       PT_PATTERN_MODE
 0000:2013       WIDCLEN_MONTH
 0000:2020       MITPRN
 0000:202D       MITCOL
 0000:203A       MDTPRN
 0000:2047       MWTPRN
 0000:2054       MBTPRN
 0000:2061       MGXPRN
 0000:206E       MGXPRNP
 0000:207B       MOVEVR
 0000:208B       MOV1VR
 0000:209B       DLINEH
 0000:20AE       DLINEHBT
 0000:20C1       DLINEV
 0000:20D4       DKRESET
 0000:20E1       DSKWID_OPEN
 0000:20EE       DSKWID_CLOSE
 0000:20FB       DSKWID_SET_MESSAGE
 0000:2108       DSKWID_SRT_PRINT
 0000:2115       DSKWID_FNAME_PRINT
 0000:2122       DSKWID_PATH_NM_SET
 0000:212F       DSKWID_USERWAIT
 0000:213C       DSKWID_USERST_INI
 0000:2149       DSKWID_USERSTANBY
 0000:2156       DSKWID_LED
 0000:2163       DKCDRVRESET
 0000:219A       VX1
 0000:219C       VY1
 0000:219E       VX2
 0000:21A0       VY2
 0000:21A2       VX3
 0000:21A4       VY3
 0000:21A6       VCOL
 0000:21B0       PRINT
 0000:21BD       DECSTR
 0000:21CA       STRDEC
 0000:21D7       HEXSTR
 0000:21E4       STRHEX
 0000:21F1       BINSTR
 0000:21FE       STRBIN
 0000:220B       CHPUT
 0000:2218       PRNAB
 0000:2225       LFPRN
 0000:2232       D10STR
 0000:223F       STRZTS
 0000:224C       STRSPL
 0000:2260       DKFDNO
 0000:2266       DKFORM
 0000:2292       DKF2ND
 0000:2BF0       SCWINI
 0000:2C03       SCWSET
 0000:2C21       SCWSEQ
 0000:2C80       SCWRED
 0000:2CDF       SCWDRV
