
 Start  Stop   Length Name                   Class            Group
 00000H 01E1BH 01E1CH CODE                   CODE

 Origin   Group

  Address         Publics by Value

 0000:0153       MAIN_FUNCTION_INTER
 0000:0166       MAIN_F_INTER_C_CODE
 0000:0179       MAIN_F_INTER_C_CODE01
 0000:018C       MAIN_F_REG_SAVE
 0000:01A8       MAIN_F_REG_LOAD
 0000:0260       MAINLP
 0000:03F6       PT_BORTH_WEEK
 0000:0440       MSCSRT
 0000:044D       MSCMOV
 0000:045A       MSCMV2
 0000:0467       MSCSTP
 0000:0474       MSCSTS
 0000:0481       MSWWAT
 0000:048E       KEYTEN
 0000:049B       FEDIN
 0000:04A8       FEDOUT
 0000:04B5       WHTIN
 0000:04C2       WHTOUT
 0000:04CF       BLACK
 0000:04DC       WHITE
 0000:04E9       PLTOL
 0000:04F6       PLTMIX
 0000:0503       NORMIN
 0000:0510       PLTFIS
 0000:051D       PLTFOS
 0000:052A       PLTCIS
 0000:0537       PLTOLS
 0000:0544       PLTOLSE
 0000:0551       PLTOLT
 0000:055E       PLTOLTE
 0000:056B       TMVWAT
 0000:0578       TMVSET
 0000:0585       TMVCHK
 0000:0592       TMVEWT
 0000:059F       TMVST2
 0000:05AC       TMVCK2
 0000:05B9       TMVST3
 0000:05C6       TMVCK3
 0000:05D3       VTXPRN
 0000:05E0       VTXPOR
 0000:05ED       VTXPFC
 0000:05FA       VTXSIZ
 0000:0607       VTXCOL
 0000:0614       BOXPAL
 0000:0624       BOXMSS
 0000:0634       BOXNOT
 0000:0644       BOXMCH
 0000:0654       PT_PALET_SETONLY
 0000:0661       PT_PATTERN_LD
 0000:066E       PT_PATTERN_LDA
 0000:067B       PT_PATTERN_PUT
 0000:0688       PT_MASK_PAT_PUT
 0000:0695       PT_MASK_PTF_PUT
 0000:06A2       PT_PATTERN_BANK
 0000:06AF       PT_VRAM_ID_ALL_ASSIGN
 0000:06BC       PT_PATTERN_CLEAR
 0000:06C9       PT_PATTERN_GET
 0000:06D6       WIDCLEN_MONTH
 0000:06E3       MITPRN
 0000:06F0       MITCOL
 0000:06FD       MDTPRN
 0000:070A       MWTPRN
 0000:0717       MBTPRN
 0000:0724       MGXPRN
 0000:0731       MGXPRNP
 0000:0755       VX1
 0000:0757       VY1
 0000:0759       VX2
 0000:075B       VY2
 0000:0760       PRINT
 0000:076D       DECSTR
 0000:077A       STRDEC
 0000:0787       HEXSTR
 0000:0794       STRHEX
 0000:07A1       BINSTR
 0000:07AE       STRBIN
 0000:07BB       CHPUT
 0000:07C8       PRNAB
 0000:07D5       LFPRN
 0000:07E2       D10STR
 0000:07EF       STRZTS
 0000:07FC       STRSPL
 0000:0810       WIDNAME_SET
 0000:089E       WIDNAME_COLOR_OL
 0000:08ED       WIDNAME_PRINT
 0000:08F1       WIDNAME_PRINTG
 0000:08F5       WIDNAME_MESSAGE
 0000:08FD       WIDNAME_M_CLENDR
 0000:0FFF       NAME_FIRST
 0000:1011       NAME_SECOND
 0000:1023       LEN_NAME_FIRST
 0000:1025       LEN_NAME_SECOND
 0000:1090       WIDBLOOD_SET
 0000:1208       BLOOD_TYPE
 0000:1240       WIDAGE_SET
 0000:1494       SLCT_AGE
 0000:14D0       WIDBORTH_SET
 0000:1AD6       SET_YEAR
 0000:1AD8       SET_MONTH
 0000:1ADA       SET_DAYS
 0000:1ADC       START_YEAR
 0000:1ADE       START_MONTH
 0000:1B80       KINSOKU_TABLE
 0000:1BB8       KNJ_SPC
 0000:1BBC       BTN_TOP_TABLE
 0000:1C34       KNJ_DAKU
 0000:1C36       KNJ_HANDAKU
 0000:1C38       DAKUTEN_TBL
 0000:1C63       DAKUTEN_TBLX
 0000:1C8E       HANDAKU_TBL
 0000:1C99       HANDAKU_TBLX
 0000:1CA4       FUNC_TOP_TABLE
 0000:1CB6       SCRN_MSG_TABLE
 0000:1DC9       BLOOD_DSP_STR_TBL
 0000:1DE3       AGE_DSP_STR_TBL
 0000:1E15       FUNC_KETTEI
