
 Start  Stop   Length Name                   Class            Group
 00000H 00FF8H 00FF9H CODE                   CODE

 Origin   Group

  Address         Publics by Value

 0000:016E       MAIN_FUNCTION_INTER
 0000:0181       MAIN_F_INTER_C_CODE
 0000:0194       MAIN_F_INTER_C_CODE01
 0000:01A7       MAIN_F_REG_SAVE
 0000:01C7       MAIN_F_REG_LOAD
 0000:0280       MAINLP
 0000:085E       EDTEXTSEG
 0000:0860       EDTEXTOFS
 0000:0862       EDWORKSEG
 0000:0864       EDWORKOFS
 0000:08B0       PRNTX_PRN
 0000:08B4       PRNTX_HI_SET
 0000:08B8       PRNTX_TP_SET
 0000:08BC       PRNTX_LC_SET
 0000:09A0       EDT_CENTER
 0000:0A15       EDT_RIGHTCUT
 0000:0C00       MSCSRT
 0000:0C0D       MSCMOV
 0000:0C1A       MSCMV2
 0000:0C27       MSCSTP
 0000:0C34       MSCSTS
 0000:0C41       MSWWAT
 0000:0C4E       KEYTEN
 0000:0C5B       FEDIN
 0000:0C68       FEDOUT
 0000:0C75       WHTIN
 0000:0C82       WHTOUT
 0000:0C8F       BLACK
 0000:0C9C       WHITE
 0000:0CA9       PLTOL
 0000:0CB6       PLTMIX
 0000:0CC3       NORMIN
 0000:0CD0       PLTFIS
 0000:0CDD       PLTFOS
 0000:0CEA       PLTCIS
 0000:0CF7       PLTOLS
 0000:0D04       PLTOLSE
 0000:0D11       PLTOLT
 0000:0D1E       PLTOLTE
 0000:0D2B       TMVWAT
 0000:0D38       TMVSET
 0000:0D45       TMVCHK
 0000:0D52       TMVEWT
 0000:0D5F       TMVST2
 0000:0D6C       TMVCK2
 0000:0D79       TMVST3
 0000:0D86       TMVCK3
 0000:0D93       VTXPRN
 0000:0DA0       VTXPOR
 0000:0DAD       VTXPFC
 0000:0DBA       VTXSIZ
 0000:0DC7       VTXCOL
 0000:0DD4       BOXPAL
 0000:0DE4       BOXMSS
 0000:0DF4       BOXNOT
 0000:0E04       BOXMCH
 0000:0E14       PT_PALET_SETONLY
 0000:0E21       PT_PATTERN_LD
 0000:0E2E       PT_PATTERN_LDA
 0000:0E3B       PT_PATTERN_PUT
 0000:0E48       PT_MASK_PAT_PUT
 0000:0E55       PT_MASK_PTF_PUT
 0000:0E62       PT_PATTERN_BANK
 0000:0E6F       PT_VRAM_ID_ALL_ASSIGN
 0000:0E7C       PT_PATTERN_CLEAR
 0000:0E89       PT_PATTERN_GET
 0000:0E96       WIDCLEN_MONTH
 0000:0EA3       MITPRN
 0000:0EB0       MITCOL
 0000:0EBD       MDTPRN
 0000:0ECA       MWTPRN
 0000:0ED7       MBTPRN
 0000:0EE4       MGXPRN
 0000:0EF1       MGXPRNP
 0000:0EFE       MOVEVR
 0000:0F0E       MOV1VR
 0000:0F3D       VX1
 0000:0F3F       VY1
 0000:0F41       VX2
 0000:0F43       VY2
 0000:0F45       VX3
 0000:0F47       VY3
 0000:0F50       PRINT
 0000:0F5D       DECSTR
 0000:0F6A       STRDEC
 0000:0F77       HEXSTR
 0000:0F84       STRHEX
 0000:0F91       BINSTR
 0000:0F9E       STRBIN
 0000:0FAB       CHPUT
 0000:0FB8       PRNAB
 0000:0FC5       LFPRN
 0000:0FD2       D10STR
 0000:0FDF       STRZTS
 0000:0FEC       STRSPL
